../Core/Src/main.c:86:5:main	8	static
../Core/Src/main.c:143:6:SystemClock_Config	88	static
../Core/Src/main.c:185:13:MX_SPI1_Init	8	static
../Core/Src/main.c:223:13:MX_USART1_UART_Init	8	static
../Core/Src/main.c:256:13:MX_USART2_UART_Init	8	static
../Core/Src/main.c:289:13:MX_GPIO_Init	48	static
../Core/Src/main.c:327:6:handle_sd_card_operations	4472	static
../Core/Src/main.c:417:6:transmit_uart1	16	static
../Core/Src/main.c:421:6:transmit_uart2	16	static
../Core/Src/main.c:425:6:HAL_UART_RxCpltCallback	16	static
../Core/Src/main.c:456:6:Error_Handler	4	static,ignoring_inline_asm
